---
source: src/test.rs
expression: "evaluate_example(path, &contents)"
input_file: tests/reparse.nu
---
0: Name (0 to 3)
1: Name (4 to 7)
2: Name (9 to 10)
3: Garbage (10 to 11)
4: Name (12 to 18)
5: List([NodeId(2), NodeId(3), NodeId(4)]) (8 to 18)
6: Name (22 to 26)
7: Variable (27 to 29)
8: Block(BlockId(0)) (20 to 31)
9: Name (33 to 36)
10: Int (37 to 38)
11: Block(BlockId(1)) (0 to 0)

