---
source: src/test.rs
expression: "evaluate_example(path, &contents)"
input_file: tests/list.nu
---
0: Int (1 to 2)
1: Int (4 to 5)
2: Int (7 to 8)
3: List([NodeId(0), NodeId(1), NodeId(2)]) (0 to 8)
4: Block(BlockId(0)) (0 to 0)

